HackFrameOS v0.1

[BOOT] Kernel handshake........ OK
[BOOT] Memory map.............. OK
[BOOT] Display driver.......... MISSING
[BOOT] Entering fallback terminal (TTY0)

[    0.000089] Launching terminal interface...

hackframe@root:~$ 
bash: command not found. Type 'help' for available commands.

hackframe@root:~$ help
Available commands:
  load         Load subsystems
  status       View current system state
  fragments    Inspect boot fragments
  clear        Wipe terminal screen

hackframe@root:~$ load
[LOAD] Available modules:
  └─ auth-module      [ ]
  └─ net-module       [ ]
  └─ entropy-core     [ ]
  └─ locale-config    [ ]
  └─ time-sync        [ ]
    └─ package-core     [ ]
      └─ gfx-module       [ ]
Type 'load [module]' to activate.

hackframe@root:~$ load auth-module
[LOAD] Subsystem /auth/null initialized  
[OK] User identity handshake active

hackframe@root:~$ load net-module
[LOAD] Subsystem /net/ghost online  
[OK] IP stack: 127.0.0.1  
[OK] Ping loopback: success

hackframe@root:~$ load entropy-core
[LOAD] entropy-core activated  
[OK] Entropy index: 0.42

hackframe@root:~$ load locale-config
[LOAD] Locale set: en_US.UTF-8  
[OK] Encoding: UTF-8  
[OK] Console dimensions fixed

hackframe@root:~$ load time-sync
[LOAD] Clock sync: internal oscillator  
[OK] Kernel tick rate: 60Hz  
[OK] Timezone: UTC

hackframe@root:~$ load package-core
[LOAD] Package manager initialized  
[OK] Repositories mounted  
[OK] Ready to install tools

hackframe@root:~$ status
[STATUS] HackFrameOS v0.1  
  Kernel: initialized  
  Memory: 512KB base / 2048KB extended  
  Subsystems:
  └─ auth-module      [OK]
  └─ net-module       [OK]

  └─ entropy-core     [OK]
  └─ locale-config    [MISSING]
  └─ time-sync        [MISSING]
  └─ package-core     [MISSING]
  └─ gfx-module       [MISSING]
  Boot fragments: 3 unresolved

hackframe@root:~$ fragments
[FRAGMENTS] Retrieved boot fragment log...  
 └─ 0001A3F2 - orphaned syscall
 └─ 0001A3F3 - ghost port pinged
 └─ 0001A3F5 - entropy seed missing
 └─ 0001A3F7 - invalid locale binding
 └─ 0001A3F8 - oscillator drift detected
 └─ 0001A3F9 - repo mount failure
 └─ 0001A3FA - framebuffer handshake failed
Use 'fragment [id]' to resolve.

hackframe@root:~$ fragment 0001A3F5
[FRAGMENT 0001A3F5]
Origin: entropy-core
Status: incomplete
Notes: requires entropy-core to be loaded

hackframe@root:~$ fragment 0001A3F5
[FRAGMENT 0001A3F5]
Origin: entropy-core
Status: resolving...
[OK] Dependency detected: entropy-core active
[OK] Fragment 0001A3F5 resolved

hackframe@root:~$ load core-utils
[LOAD] core-utils online 
[OK] Added commands: ls, cat, ps, kill, cd, rm, mv

hackframe@root:~$ load gfx
[LOAD] gfx-module initializing...
[ERR] Subsystem /core/gfx failed to bind frame buffer.

hackframe@root:~$ load gfx
[LOAD] gfx-module initializing...
[OK] Subsystem /core/gfx ready.








